// Vitest Snapshot v1, https://vitest.dev/guide/snapshot.html

exports[`Hello World worker > responds with Frame meta tags! (unit style) 1`] = `"<meta name="og:image" content="data:image/png;base64,AA=="/><meta name="fc:frame" content="vNext"/><meta name="fc:frame:image" content="data:image/png;base64,AA=="/><meta name="fc:frame:post_url" content=""/><meta name="fc:frame:image:aspect_ratio" content="1.91:1"/><meta name="fc:frame:button:1" content="Click Me"/><meta name="fc:frame:button:1:action" content="post"/><meta name="fc:frame:button:1:target" content="http://example.com/?clicked=true&__bi=1-p"/>"`;
